<?xml version="1.0" encoding="ISO-8859-1" ?>
<link_info>
   <banner>TI ARM Linker PC v18.12.2.LTS</banner>
   <copyright>Copyright (c) 1996-2018 Texas Instruments Incorporated</copyright>
   <link_time>0x5defbc58</link_time>
   <link_errors>0x0</link_errors>
   <output_file>TMS570 Test FreeRtos.out</output_file>
   <entry_point>
      <name>_c_int00</name>
      <address>0x12bc8</address>
   </entry_point>
   <input_file_list>
      <input_file id="fl-2">
         <path>.\Filter\</path>
         <kind>object</kind>
         <file>complementary_filter.obj</file>
         <name>complementary_filter.obj</name>
      </input_file>
      <input_file id="fl-3">
         <path>.\Filter\</path>
         <kind>object</kind>
         <file>kalman_filter.obj</file>
         <name>kalman_filter.obj</name>
      </input_file>
      <input_file id="fl-4">
         <path>.\Tasks\</path>
         <kind>object</kind>
         <file>displayTask.obj</file>
         <name>displayTask.obj</name>
      </input_file>
      <input_file id="fl-5">
         <path>.\Tasks\</path>
         <kind>object</kind>
         <file>ledTask.obj</file>
         <name>ledTask.obj</name>
      </input_file>
      <input_file id="fl-6">
         <path>.\Tasks\</path>
         <kind>object</kind>
         <file>mpuTask.obj</file>
         <name>mpuTask.obj</name>
      </input_file>
      <input_file id="fl-7">
         <path>.\i2cDrivers\</path>
         <kind>object</kind>
         <file>i2cMasterPoll.obj</file>
         <name>i2cMasterPoll.obj</name>
      </input_file>
      <input_file id="fl-8">
         <path>.\i2cDrivers\</path>
         <kind>object</kind>
         <file>mpu9150.obj</file>
         <name>mpu9150.obj</name>
      </input_file>
      <input_file id="fl-9">
         <path>.\source\</path>
         <kind>object</kind>
         <file>dabort.obj</file>
         <name>dabort.obj</name>
      </input_file>
      <input_file id="fl-a">
         <path>.\source\</path>
         <kind>object</kind>
         <file>errata_SSWF021_45.obj</file>
         <name>errata_SSWF021_45.obj</name>
      </input_file>
      <input_file id="fl-b">
         <path>.\source\</path>
         <kind>object</kind>
         <file>esm.obj</file>
         <name>esm.obj</name>
      </input_file>
      <input_file id="fl-c">
         <path>.\source\</path>
         <kind>object</kind>
         <file>gio.obj</file>
         <name>gio.obj</name>
      </input_file>
      <input_file id="fl-d">
         <path>.\source\</path>
         <kind>object</kind>
         <file>i2c.obj</file>
         <name>i2c.obj</name>
      </input_file>
      <input_file id="fl-e">
         <path>.\source\</path>
         <kind>object</kind>
         <file>notification.obj</file>
         <name>notification.obj</name>
      </input_file>
      <input_file id="fl-f">
         <path>.\source\</path>
         <kind>object</kind>
         <file>notification_conflict-20150709-010640.obj</file>
         <name>notification_conflict-20150709-010640.obj</name>
      </input_file>
      <input_file id="fl-10">
         <path>.\source\</path>
         <kind>object</kind>
         <file>os_croutine.obj</file>
         <name>os_croutine.obj</name>
      </input_file>
      <input_file id="fl-11">
         <path>.\source\</path>
         <kind>object</kind>
         <file>os_event_groups.obj</file>
         <name>os_event_groups.obj</name>
      </input_file>
      <input_file id="fl-12">
         <path>.\source\</path>
         <kind>object</kind>
         <file>os_heap.obj</file>
         <name>os_heap.obj</name>
      </input_file>
      <input_file id="fl-13">
         <path>.\source\</path>
         <kind>object</kind>
         <file>os_list.obj</file>
         <name>os_list.obj</name>
      </input_file>
      <input_file id="fl-14">
         <path>.\source\</path>
         <kind>object</kind>
         <file>os_mpu_wrappers.obj</file>
         <name>os_mpu_wrappers.obj</name>
      </input_file>
      <input_file id="fl-15">
         <path>.\source\</path>
         <kind>object</kind>
         <file>os_port.obj</file>
         <name>os_port.obj</name>
      </input_file>
      <input_file id="fl-16">
         <path>.\source\</path>
         <kind>object</kind>
         <file>os_portasm.obj</file>
         <name>os_portasm.obj</name>
      </input_file>
      <input_file id="fl-17">
         <path>.\source\</path>
         <kind>object</kind>
         <file>os_queue.obj</file>
         <name>os_queue.obj</name>
      </input_file>
      <input_file id="fl-18">
         <path>.\source\</path>
         <kind>object</kind>
         <file>os_tasks.obj</file>
         <name>os_tasks.obj</name>
      </input_file>
      <input_file id="fl-19">
         <path>.\source\</path>
         <kind>object</kind>
         <file>os_timer.obj</file>
         <name>os_timer.obj</name>
      </input_file>
      <input_file id="fl-1a">
         <path>.\source\</path>
         <kind>object</kind>
         <file>pinmux.obj</file>
         <name>pinmux.obj</name>
      </input_file>
      <input_file id="fl-1b">
         <path>.\source\</path>
         <kind>object</kind>
         <file>sci.obj</file>
         <name>sci.obj</name>
      </input_file>
      <input_file id="fl-1c">
         <path>.\source\</path>
         <kind>object</kind>
         <file>sciPrintf.obj</file>
         <name>sciPrintf.obj</name>
      </input_file>
      <input_file id="fl-1d">
         <path>.\source\</path>
         <kind>object</kind>
         <file>sys_core.obj</file>
         <name>sys_core.obj</name>
      </input_file>
      <input_file id="fl-1e">
         <path>.\source\</path>
         <kind>object</kind>
         <file>sys_dma.obj</file>
         <name>sys_dma.obj</name>
      </input_file>
      <input_file id="fl-1f">
         <path>.\source\</path>
         <kind>object</kind>
         <file>sys_intvecs.obj</file>
         <name>sys_intvecs.obj</name>
      </input_file>
      <input_file id="fl-20">
         <path>.\source\</path>
         <kind>object</kind>
         <file>sys_main.obj</file>
         <name>sys_main.obj</name>
      </input_file>
      <input_file id="fl-21">
         <path>.\source\</path>
         <kind>object</kind>
         <file>sys_mpu.obj</file>
         <name>sys_mpu.obj</name>
      </input_file>
      <input_file id="fl-22">
         <path>.\source\</path>
         <kind>object</kind>
         <file>sys_pcr.obj</file>
         <name>sys_pcr.obj</name>
      </input_file>
      <input_file id="fl-23">
         <path>.\source\</path>
         <kind>object</kind>
         <file>sys_phantom.obj</file>
         <name>sys_phantom.obj</name>
      </input_file>
      <input_file id="fl-24">
         <path>.\source\</path>
         <kind>object</kind>
         <file>sys_pmm.obj</file>
         <name>sys_pmm.obj</name>
      </input_file>
      <input_file id="fl-25">
         <path>.\source\</path>
         <kind>object</kind>
         <file>sys_pmu.obj</file>
         <name>sys_pmu.obj</name>
      </input_file>
      <input_file id="fl-26">
         <path>.\source\</path>
         <kind>object</kind>
         <file>sys_selftest.obj</file>
         <name>sys_selftest.obj</name>
      </input_file>
      <input_file id="fl-27">
         <path>.\source\</path>
         <kind>object</kind>
         <file>sys_startup.obj</file>
         <name>sys_startup.obj</name>
      </input_file>
      <input_file id="fl-28">
         <path>.\source\</path>
         <kind>object</kind>
         <file>sys_vim.obj</file>
         <name>sys_vim.obj</name>
      </input_file>
      <input_file id="fl-29">
         <path>.\source\</path>
         <kind>object</kind>
         <file>system.obj</file>
         <name>system.obj</name>
      </input_file>
      <input_file id="fl-2d">
         <kind>object</kind>
         <file>&lt;internal&gt;</file>
         <name>&lt;internal&gt;</name>
      </input_file>
      <input_file id="fl-2e">
         <path>C:\ti\ccs910\ccs\tools\compiler\ti-cgt-arm_18.12.2.LTS\lib\</path>
         <kind>archive</kind>
         <file>rtsv7R4_T_be_v3D16_eabi.lib</file>
         <name>vsnprintf.c.obj</name>
      </input_file>
      <input_file id="fl-2f">
         <path>C:\ti\ccs910\ccs\tools\compiler\ti-cgt-arm_18.12.2.LTS\lib\</path>
         <kind>archive</kind>
         <file>rtsv7R4_T_be_v3D16_eabi.lib</file>
         <name>e_atan2.c.obj</name>
      </input_file>
      <input_file id="fl-30">
         <path>C:\ti\ccs910\ccs\tools\compiler\ti-cgt-arm_18.12.2.LTS\lib\</path>
         <kind>archive</kind>
         <file>rtsv7R4_T_be_v3D16_eabi.lib</file>
         <name>e_sqrt.c.obj</name>
      </input_file>
      <input_file id="fl-31">
         <path>C:\ti\ccs910\ccs\tools\compiler\ti-cgt-arm_18.12.2.LTS\lib\</path>
         <kind>archive</kind>
         <file>rtsv7R4_T_be_v3D16_eabi.lib</file>
         <name>s_atan.c.obj</name>
      </input_file>
      <input_file id="fl-32">
         <path>C:\ti\ccs910\ccs\tools\compiler\ti-cgt-arm_18.12.2.LTS\lib\</path>
         <kind>archive</kind>
         <file>rtsv7R4_T_be_v3D16_eabi.lib</file>
         <name>s_floor.c.obj</name>
      </input_file>
      <input_file id="fl-33">
         <path>C:\ti\ccs910\ccs\tools\compiler\ti-cgt-arm_18.12.2.LTS\lib\</path>
         <kind>archive</kind>
         <file>rtsv7R4_T_be_v3D16_eabi.lib</file>
         <name>memset_t2.asm.obj</name>
      </input_file>
      <input_file id="fl-34">
         <path>C:\ti\ccs910\ccs\tools\compiler\ti-cgt-arm_18.12.2.LTS\lib\</path>
         <kind>archive</kind>
         <file>rtsv7R4_T_be_v3D16_eabi.lib</file>
         <name>memcpy_t2.asm.obj</name>
      </input_file>
      <input_file id="fl-35">
         <path>C:\ti\ccs910\ccs\tools\compiler\ti-cgt-arm_18.12.2.LTS\lib\</path>
         <kind>archive</kind>
         <file>rtsv7R4_T_be_v3D16_eabi.lib</file>
         <name>autoinit.c.obj</name>
      </input_file>
      <input_file id="fl-36">
         <path>C:\ti\ccs910\ccs\tools\compiler\ti-cgt-arm_18.12.2.LTS\lib\</path>
         <kind>archive</kind>
         <file>rtsv7R4_T_be_v3D16_eabi.lib</file>
         <name>cpy_tbl.c.obj</name>
      </input_file>
      <input_file id="fl-37">
         <path>C:\ti\ccs910\ccs\tools\compiler\ti-cgt-arm_18.12.2.LTS\lib\</path>
         <kind>archive</kind>
         <file>rtsv7R4_T_be_v3D16_eabi.lib</file>
         <name>copy_zero_init.c.obj</name>
      </input_file>
      <input_file id="fl-38">
         <path>C:\ti\ccs910\ccs\tools\compiler\ti-cgt-arm_18.12.2.LTS\lib\</path>
         <kind>archive</kind>
         <file>rtsv7R4_T_be_v3D16_eabi.lib</file>
         <name>copy_decompress_none.c.obj</name>
      </input_file>
      <input_file id="fl-39">
         <path>C:\ti\ccs910\ccs\tools\compiler\ti-cgt-arm_18.12.2.LTS\lib\</path>
         <kind>archive</kind>
         <file>rtsv7R4_T_be_v3D16_eabi.lib</file>
         <name>copy_decompress_lzss.c.obj</name>
      </input_file>
      <input_file id="fl-3a">
         <path>C:\ti\ccs910\ccs\tools\compiler\ti-cgt-arm_18.12.2.LTS\lib\</path>
         <kind>archive</kind>
         <file>rtsv7R4_T_be_v3D16_eabi.lib</file>
         <name>exit.c.obj</name>
      </input_file>
      <input_file id="fl-3b">
         <path>C:\ti\ccs910\ccs\tools\compiler\ti-cgt-arm_18.12.2.LTS\lib\</path>
         <kind>archive</kind>
         <file>rtsv7R4_T_be_v3D16_eabi.lib</file>
         <name>_lock.c.obj</name>
      </input_file>
      <input_file id="fl-3c">
         <path>C:\ti\ccs910\ccs\tools\compiler\ti-cgt-arm_18.12.2.LTS\lib\</path>
         <kind>archive</kind>
         <file>rtsv7R4_T_be_v3D16_eabi.lib</file>
         <name>strlen.c.obj</name>
      </input_file>
      <input_file id="fl-3d">
         <path>C:\ti\ccs910\ccs\tools\compiler\ti-cgt-arm_18.12.2.LTS\lib\</path>
         <kind>archive</kind>
         <file>rtsv7R4_T_be_v3D16_eabi.lib</file>
         <name>errno.c.obj</name>
      </input_file>
      <input_file id="fl-3e">
         <path>C:\ti\ccs910\ccs\tools\compiler\ti-cgt-arm_18.12.2.LTS\lib\</path>
         <kind>archive</kind>
         <file>rtsv7R4_T_be_v3D16_eabi.lib</file>
         <name>_printfi.c.obj</name>
      </input_file>
      <input_file id="fl-3f">
         <path>C:\ti\ccs910\ccs\tools\compiler\ti-cgt-arm_18.12.2.LTS\lib\</path>
         <kind>archive</kind>
         <file>rtsv7R4_T_be_v3D16_eabi.lib</file>
         <name>s_frexp.c.obj</name>
      </input_file>
      <input_file id="fl-40">
         <path>C:\ti\ccs910\ccs\tools\compiler\ti-cgt-arm_18.12.2.LTS\lib\</path>
         <kind>archive</kind>
         <file>rtsv7R4_T_be_v3D16_eabi.lib</file>
         <name>s_scalbn.c.obj</name>
      </input_file>
      <input_file id="fl-41">
         <path>C:\ti\ccs910\ccs\tools\compiler\ti-cgt-arm_18.12.2.LTS\lib\</path>
         <kind>archive</kind>
         <file>rtsv7R4_T_be_v3D16_eabi.lib</file>
         <name>ull_div32.asm.obj</name>
      </input_file>
      <input_file id="fl-42">
         <path>C:\ti\ccs910\ccs\tools\compiler\ti-cgt-arm_18.12.2.LTS\lib\</path>
         <kind>archive</kind>
         <file>rtsv7R4_T_be_v3D16_eabi.lib</file>
         <name>atoi.c.obj</name>
      </input_file>
      <input_file id="fl-43">
         <path>C:\ti\ccs910\ccs\tools\compiler\ti-cgt-arm_18.12.2.LTS\lib\</path>
         <kind>archive</kind>
         <file>rtsv7R4_T_be_v3D16_eabi.lib</file>
         <name>ctype.c.obj</name>
      </input_file>
      <input_file id="fl-44">
         <path>C:\ti\ccs910\ccs\tools\compiler\ti-cgt-arm_18.12.2.LTS\lib\</path>
         <kind>archive</kind>
         <file>rtsv7R4_T_be_v3D16_eabi.lib</file>
         <name>ltoa.c.obj</name>
      </input_file>
      <input_file id="fl-45">
         <path>C:\ti\ccs910\ccs\tools\compiler\ti-cgt-arm_18.12.2.LTS\lib\</path>
         <kind>archive</kind>
         <file>rtsv7R4_T_be_v3D16_eabi.lib</file>
         <name>memccpy.c.obj</name>
      </input_file>
      <input_file id="fl-46">
         <path>C:\ti\ccs910\ccs\tools\compiler\ti-cgt-arm_18.12.2.LTS\lib\</path>
         <kind>archive</kind>
         <file>rtsv7R4_T_be_v3D16_eabi.lib</file>
         <name>strchr.c.obj</name>
      </input_file>
      <input_file id="fl-47">
         <path>C:\ti\ccs910\ccs\tools\compiler\ti-cgt-arm_18.12.2.LTS\lib\</path>
         <kind>archive</kind>
         <file>rtsv7R4_T_be_v3D16_eabi.lib</file>
         <name>wcslen.c.obj</name>
      </input_file>
      <input_file id="fl-48">
         <path>C:\ti\ccs910\ccs\tools\compiler\ti-cgt-arm_18.12.2.LTS\lib\</path>
         <kind>archive</kind>
         <file>rtsv7R4_T_be_v3D16_eabi.lib</file>
         <name>s_copysign.c.obj</name>
      </input_file>
   </input_file_list>
   <object_component_list>
      <object_component id="oc-30">
         <name>.intvecs</name>
         <load_address>0x0</load_address>
         <run_address>0x0</run_address>
         <size>0x20</size>
         <input_file_ref idref="fl-1f"/>
      </object_component>
      <object_component id="oc-159">
         <name>.kernelTEXT</name>
         <load_address>0x20</load_address>
         <run_address>0x20</run_address>
         <size>0x2f2c</size>
         <input_file_ref idref="fl-18"/>
      </object_component>
      <object_component id="oc-16c">
         <name>.kernelTEXT</name>
         <load_address>0x2f4c</load_address>
         <run_address>0x2f4c</run_address>
         <size>0x12e4</size>
         <input_file_ref idref="fl-17"/>
      </object_component>
      <object_component id="oc-320">
         <name>.kernelTEXT</name>
         <load_address>0x4230</load_address>
         <run_address>0x4230</run_address>
         <size>0x81c</size>
         <input_file_ref idref="fl-11"/>
      </object_component>
      <object_component id="oc-a2">
         <name>.kernelTEXT</name>
         <load_address>0x4a4c</load_address>
         <run_address>0x4a4c</run_address>
         <size>0x4b0</size>
         <input_file_ref idref="fl-16"/>
      </object_component>
      <object_component id="oc-26f">
         <name>.kernelTEXT</name>
         <load_address>0x4efc</load_address>
         <run_address>0x4efc</run_address>
         <size>0x3e0</size>
         <input_file_ref idref="fl-15"/>
      </object_component>
      <object_component id="oc-263">
         <name>.kernelTEXT</name>
         <load_address>0x52dc</load_address>
         <run_address>0x52dc</run_address>
         <size>0x380</size>
         <input_file_ref idref="fl-12"/>
      </object_component>
      <object_component id="oc-4f5">
         <name>__TI_handler_table</name>
         <load_address>0x5660</load_address>
         <run_address>0x5660</run_address>
         <size>0xc</size>
      </object_component>
      <object_component id="oc-4fa">
         <name>.cinit..data.load</name>
         <load_address>0x566c</load_address>
         <run_address>0x566c</run_address>
         <size>0xb</size>
      </object_component>
      <object_component id="oc-4f7">
         <name>.cinit..kernelBSS.load</name>
         <load_address>0x5677</load_address>
         <run_address>0x5677</run_address>
         <size>0x9</size>
      </object_component>
      <object_component id="oc-4f9">
         <name>.cinit..bss.load</name>
         <load_address>0x5680</load_address>
         <run_address>0x5680</run_address>
         <size>0x8</size>
      </object_component>
      <object_component id="oc-4f8">
         <name>.cinit..kernelHEAP.load</name>
         <load_address>0x5688</load_address>
         <run_address>0x5688</run_address>
         <size>0x8</size>
      </object_component>
      <object_component id="oc-4f6">
         <name>__TI_cinit_table</name>
         <load_address>0x5690</load_address>
         <run_address>0x5690</run_address>
         <size>0x20</size>
      </object_component>
      <object_component id="oc-81">
         <name>.text</name>
         <load_address>0x8020</load_address>
         <run_address>0x8020</run_address>
         <size>0x2cdc</size>
         <input_file_ref idref="fl-26"/>
      </object_component>
      <object_component id="oc-24e">
         <name>.text</name>
         <load_address>0xacfc</load_address>
         <run_address>0xacfc</run_address>
         <size>0xcc8</size>
         <input_file_ref idref="fl-3"/>
      </object_component>
      <object_component id="oc-7b">
         <name>.text</name>
         <load_address>0xb9c4</load_address>
         <run_address>0xb9c4</run_address>
         <size>0xb64</size>
         <input_file_ref idref="fl-29"/>
      </object_component>
      <object_component id="oc-3c">
         <name>.text</name>
         <load_address>0xc528</load_address>
         <run_address>0xc528</run_address>
         <size>0xa58</size>
         <input_file_ref idref="fl-28"/>
      </object_component>
      <object_component id="oc-23e">
         <name>.text</name>
         <load_address>0xcf80</load_address>
         <run_address>0xcf80</run_address>
         <size>0xa50</size>
         <input_file_ref idref="fl-8"/>
      </object_component>
      <object_component id="oc-32d">
         <name>.text:__TI_printfi</name>
         <load_address>0xd9d0</load_address>
         <run_address>0xd9d0</run_address>
         <size>0xa4a</size>
         <input_file_ref idref="fl-3e"/>
      </object_component>
      <object_component id="oc-135">
         <name>.text</name>
         <load_address>0xe41c</load_address>
         <run_address>0xe41c</run_address>
         <size>0xa2c</size>
         <input_file_ref idref="fl-1b"/>
      </object_component>
      <object_component id="oc-229">
         <name>.text</name>
         <load_address>0xee48</load_address>
         <run_address>0xee48</run_address>
         <size>0x9d4</size>
         <input_file_ref idref="fl-14"/>
      </object_component>
      <object_component id="oc-13b">
         <name>.text</name>
         <load_address>0xf81c</load_address>
         <run_address>0xf81c</run_address>
         <size>0x8d8</size>
         <input_file_ref idref="fl-d"/>
      </object_component>
      <object_component id="oc-e9">
         <name>.text</name>
         <load_address>0x100f4</load_address>
         <run_address>0x100f4</run_address>
         <size>0x8bc</size>
         <input_file_ref idref="fl-1a"/>
      </object_component>
      <object_component id="oc-6f">
         <name>.text</name>
         <load_address>0x109b0</load_address>
         <run_address>0x109b0</run_address>
         <size>0x664</size>
         <input_file_ref idref="fl-a"/>
      </object_component>
      <object_component id="oc-14d">
         <name>.text</name>
         <load_address>0x11014</load_address>
         <run_address>0x11014</run_address>
         <size>0x610</size>
         <input_file_ref idref="fl-6"/>
      </object_component>
      <object_component id="oc-87">
         <name>.text</name>
         <load_address>0x11624</load_address>
         <run_address>0x11624</run_address>
         <size>0x5bc</size>
         <input_file_ref idref="fl-b"/>
      </object_component>
      <object_component id="oc-12f">
         <name>.text</name>
         <load_address>0x11be0</load_address>
         <run_address>0x11be0</run_address>
         <size>0x484</size>
         <input_file_ref idref="fl-c"/>
      </object_component>
      <object_component id="oc-6a">
         <name>.text</name>
         <load_address>0x12064</load_address>
         <run_address>0x12064</run_address>
         <size>0x34c</size>
         <input_file_ref idref="fl-1d"/>
      </object_component>
      <object_component id="oc-3b">
         <name>.text:retain</name>
         <load_address>0x123b0</load_address>
         <run_address>0x123b0</run_address>
         <size>0x2cc</size>
         <input_file_ref idref="fl-28"/>
      </object_component>
      <object_component id="oc-43a">
         <name>.text</name>
         <load_address>0x1267c</load_address>
         <run_address>0x1267c</run_address>
         <size>0x2b8</size>
         <input_file_ref idref="fl-41"/>
      </object_component>
      <object_component id="oc-34d">
         <name>.text</name>
         <load_address>0x12934</load_address>
         <run_address>0x12934</run_address>
         <size>0x294</size>
         <input_file_ref idref="fl-7"/>
      </object_component>
      <object_component id="oc-1b">
         <name>.text:retain</name>
         <load_address>0x12bc8</load_address>
         <run_address>0x12bc8</run_address>
         <size>0x290</size>
         <input_file_ref idref="fl-27"/>
      </object_component>
      <object_component id="oc-36f">
         <name>.text</name>
         <load_address>0x12e58</load_address>
         <run_address>0x12e58</run_address>
         <size>0x278</size>
         <input_file_ref idref="fl-12"/>
      </object_component>
      <object_component id="oc-3e9">
         <name>.text:_pconv_a</name>
         <load_address>0x130d0</load_address>
         <run_address>0x130d0</run_address>
         <size>0x248</size>
         <input_file_ref idref="fl-3e"/>
      </object_component>
      <object_component id="oc-269">
         <name>.text</name>
         <load_address>0x13318</load_address>
         <run_address>0x13318</run_address>
         <size>0x238</size>
         <input_file_ref idref="fl-13"/>
      </object_component>
      <object_component id="oc-153">
         <name>.text</name>
         <load_address>0x13550</load_address>
         <run_address>0x13550</run_address>
         <size>0x20c</size>
         <input_file_ref idref="fl-4"/>
      </object_component>
      <object_component id="oc-2a">
         <name>.text:retain</name>
         <load_address>0x1375c</load_address>
         <run_address>0x1375c</run_address>
         <size>0x204</size>
         <input_file_ref idref="fl-1b"/>
      </object_component>
      <object_component id="oc-37f">
         <name>.text</name>
         <load_address>0x13960</load_address>
         <run_address>0x13960</run_address>
         <size>0x1b4</size>
         <input_file_ref idref="fl-15"/>
      </object_component>
      <object_component id="oc-3d7">
         <name>.text:_pconv_g</name>
         <load_address>0x13b14</load_address>
         <run_address>0x13b14</run_address>
         <size>0x1a0</size>
         <input_file_ref idref="fl-3e"/>
      </object_component>
      <object_component id="oc-275">
         <name>.text</name>
         <load_address>0x13cb4</load_address>
         <run_address>0x13cb4</run_address>
         <size>0x164</size>
         <input_file_ref idref="fl-18"/>
      </object_component>
      <object_component id="oc-21">
         <name>.text:retain</name>
         <load_address>0x13e18</load_address>
         <run_address>0x13e18</run_address>
         <size>0x114</size>
         <input_file_ref idref="fl-b"/>
      </object_component>
      <object_component id="oc-3e3">
         <name>.text:_pconv_e</name>
         <load_address>0x13f2c</load_address>
         <run_address>0x13f2c</run_address>
         <size>0x104</size>
         <input_file_ref idref="fl-3e"/>
      </object_component>
      <object_component id="oc-453">
         <name>.text:fcvt</name>
         <load_address>0x14030</load_address>
         <run_address>0x14030</run_address>
         <size>0xfc</size>
         <input_file_ref idref="fl-3e"/>
      </object_component>
      <object_component id="oc-96">
         <name>.text</name>
         <load_address>0x1412c</load_address>
         <run_address>0x1412c</run_address>
         <size>0xf8</size>
         <input_file_ref idref="fl-e"/>
      </object_component>
      <object_component id="oc-141">
         <name>.text</name>
         <load_address>0x14224</load_address>
         <run_address>0x14224</run_address>
         <size>0xf8</size>
         <input_file_ref idref="fl-1c"/>
      </object_component>
      <object_component id="oc-467">
         <name>.text:scalbn</name>
         <load_address>0x1431c</load_address>
         <run_address>0x1431c</run_address>
         <size>0xf0</size>
         <input_file_ref idref="fl-40"/>
      </object_component>
      <object_component id="oc-ae">
         <name>.text</name>
         <load_address>0x1440c</load_address>
         <run_address>0x1440c</run_address>
         <size>0xe8</size>
         <input_file_ref idref="fl-9"/>
      </object_component>
      <object_component id="oc-21d">
         <name>.text:floor</name>
         <load_address>0x144f4</load_address>
         <run_address>0x144f4</run_address>
         <size>0xe0</size>
         <input_file_ref idref="fl-32"/>
      </object_component>
      <object_component id="oc-f1">
         <name>.text</name>
         <load_address>0x145d4</load_address>
         <run_address>0x145d4</run_address>
         <size>0xe0</size>
         <input_file_ref idref="fl-25"/>
      </object_component>
      <object_component id="oc-3d1">
         <name>.text:_ltostr</name>
         <load_address>0x146b4</load_address>
         <run_address>0x146b4</run_address>
         <size>0xad</size>
         <input_file_ref idref="fl-3e"/>
      </object_component>
      <object_component id="oc-52">
         <name>.text</name>
         <load_address>0x14762</load_address>
         <run_address>0x14762</run_address>
         <size>0x9c</size>
         <input_file_ref idref="fl-34"/>
      </object_component>
      <object_component id="oc-44c">
         <name>.text:_mcpy</name>
         <load_address>0x147fe</load_address>
         <run_address>0x147fe</run_address>
         <size>0x7a</size>
         <input_file_ref idref="fl-3e"/>
      </object_component>
      <object_component id="oc-db">
         <name>.text</name>
         <load_address>0x14878</load_address>
         <run_address>0x14878</run_address>
         <size>0x7a</size>
         <input_file_ref idref="fl-33"/>
      </object_component>
      <object_component id="oc-461">
         <name>.text:frexp</name>
         <load_address>0x148f4</load_address>
         <run_address>0x148f4</run_address>
         <size>0x74</size>
         <input_file_ref idref="fl-3f"/>
      </object_component>
      <object_component id="oc-e">
         <name>.text:decompress:lzss:__TI_decompress_lzss</name>
         <load_address>0x14968</load_address>
         <run_address>0x14968</run_address>
         <size>0x6c</size>
         <input_file_ref idref="fl-39"/>
      </object_component>
      <object_component id="oc-147">
         <name>.text</name>
         <load_address>0x149d4</load_address>
         <run_address>0x149d4</run_address>
         <size>0x58</size>
         <input_file_ref idref="fl-5"/>
      </object_component>
      <object_component id="oc-446">
         <name>.text:_ecpy</name>
         <load_address>0x14a2c</load_address>
         <run_address>0x14a2c</run_address>
         <size>0x54</size>
         <input_file_ref idref="fl-3e"/>
      </object_component>
      <object_component id="oc-440">
         <name>.text:ltoa</name>
         <load_address>0x14a80</load_address>
         <run_address>0x14a80</run_address>
         <size>0x54</size>
         <input_file_ref idref="fl-44"/>
      </object_component>
      <object_component id="oc-3dd">
         <name>.text:_pconv_f</name>
         <load_address>0x14ad4</load_address>
         <run_address>0x14ad4</run_address>
         <size>0x50</size>
         <input_file_ref idref="fl-3e"/>
      </object_component>
      <object_component id="oc-3cb">
         <name>.text:atoi</name>
         <load_address>0x14b24</load_address>
         <run_address>0x14b24</run_address>
         <size>0x50</size>
         <input_file_ref idref="fl-42"/>
      </object_component>
      <object_component id="oc-ff">
         <name>.text:__TI_auto_init_nobinit_nopinit:__TI_auto_init_nobinit_nopinit</name>
         <load_address>0x14b74</load_address>
         <run_address>0x14b74</run_address>
         <size>0x44</size>
         <input_file_ref idref="fl-35"/>
      </object_component>
      <object_component id="oc-459">
         <name>.text:_fcpy</name>
         <load_address>0x14bb8</load_address>
         <run_address>0x14bb8</run_address>
         <size>0x40</size>
         <input_file_ref idref="fl-3e"/>
      </object_component>
      <object_component id="oc-22f">
         <name>.text:vsnprintf</name>
         <load_address>0x14bf8</load_address>
         <run_address>0x14bf8</run_address>
         <size>0x40</size>
         <input_file_ref idref="fl-2e"/>
      </object_component>
      <object_component id="oc-333">
         <name>.text:_outs</name>
         <load_address>0x14c38</load_address>
         <run_address>0x14c38</run_address>
         <size>0x30</size>
         <input_file_ref idref="fl-2e"/>
      </object_component>
      <object_component id="oc-8e">
         <name>.text</name>
         <load_address>0x14c68</load_address>
         <run_address>0x14c68</run_address>
         <size>0x28</size>
         <input_file_ref idref="fl-20"/>
      </object_component>
      <object_component id="oc-4a5">
         <name>.text:copysign</name>
         <load_address>0x14c90</load_address>
         <run_address>0x14c90</run_address>
         <size>0x1e</size>
         <input_file_ref idref="fl-48"/>
      </object_component>
      <object_component id="oc-3ef">
         <name>.text:memccpy</name>
         <load_address>0x14cae</load_address>
         <run_address>0x14cae</run_address>
         <size>0x1c</size>
         <input_file_ref idref="fl-45"/>
      </object_component>
      <object_component id="oc-339">
         <name>.text:_outc</name>
         <load_address>0x14cca</load_address>
         <run_address>0x14cca</run_address>
         <size>0x18</size>
         <input_file_ref idref="fl-2e"/>
      </object_component>
      <object_component id="oc-46d">
         <name>.text:strchr</name>
         <load_address>0x14ce2</load_address>
         <run_address>0x14ce2</run_address>
         <size>0x16</size>
         <input_file_ref idref="fl-46"/>
      </object_component>
      <object_component id="oc-27e">
         <name>.text:strlen</name>
         <load_address>0x14cf8</load_address>
         <run_address>0x14cf8</run_address>
         <size>0x16</size>
         <input_file_ref idref="fl-3c"/>
      </object_component>
      <object_component id="oc-3f5">
         <name>.text:wcslen</name>
         <load_address>0x14d0e</load_address>
         <run_address>0x14d0e</run_address>
         <size>0x12</size>
         <input_file_ref idref="fl-47"/>
      </object_component>
      <object_component id="oc-14">
         <name>.text:decompress:none:__TI_decompress_none</name>
         <load_address>0x14d20</load_address>
         <run_address>0x14d20</run_address>
         <size>0xe</size>
         <input_file_ref idref="fl-38"/>
      </object_component>
      <object_component id="oc-64">
         <name>.text:decompress:ZI:__TI_zero_init</name>
         <load_address>0x14d2e</load_address>
         <run_address>0x14d2e</run_address>
         <size>0xc</size>
         <input_file_ref idref="fl-37"/>
      </object_component>
      <object_component id="oc-3fb">
         <name>.text:__aeabi_errno_addr</name>
         <load_address>0x14d3c</load_address>
         <run_address>0x14d3c</run_address>
         <size>0x8</size>
         <input_file_ref idref="fl-3d"/>
      </object_component>
      <object_component id="oc-160">
         <name>.text:abort:abort</name>
         <load_address>0x14d44</load_address>
         <run_address>0x14d44</run_address>
         <size>0x4</size>
         <input_file_ref idref="fl-3a"/>
      </object_component>
      <object_component id="oc-35">
         <name>.text:retain</name>
         <load_address>0x14d48</load_address>
         <run_address>0x14d48</run_address>
         <size>0x4</size>
         <input_file_ref idref="fl-23"/>
      </object_component>
      <object_component id="oc-75">
         <name>.text</name>
         <load_address>0x14d4c</load_address>
         <run_address>0x14d4c</run_address>
         <size>0x4</size>
         <input_file_ref idref="fl-27"/>
      </object_component>
      <object_component id="oc-27">
         <name>.const:s_vim_init</name>
         <load_address>0x14d50</load_address>
         <run_address>0x14d50</run_address>
         <size>0x200</size>
         <input_file_ref idref="fl-28"/>
      </object_component>
      <object_component id="oc-435">
         <name>.const:.string:_ctypes_</name>
         <load_address>0x14f50</load_address>
         <run_address>0x14f50</run_address>
         <size>0x101</size>
         <input_file_ref idref="fl-43"/>
      </object_component>
      <object_component id="oc-254">
         <name>.const:$P$T0$1</name>
         <load_address>0x15054</load_address>
         <run_address>0x15054</run_address>
         <size>0xc</size>
         <input_file_ref idref="fl-4"/>
      </object_component>
      <object_component id="oc-182">
         <name>.kernelBSS:init</name>
         <load_address>0x8000ad0</load_address>
         <run_address>0x8000ad0</run_address>
         <size>0x34</size>
         <input_file_ref idref="fl-18"/>
      </object_component>
      <object_component id="oc-27b">
         <name>.kernelBSS:uninit</name>
         <load_address>0x8000a00</load_address>
         <run_address>0x8000a00</run_address>
         <size>0xd0</size>
         <input_file_ref idref="fl-18"/>
      </object_component>
      <object_component id="oc-415">
         <name>.kernelHEAP</name>
         <uninitialized>true</uninitialized>
         <run_address>0x8001200</run_address>
         <size>0x2000</size>
         <input_file_ref idref="fl-12"/>
      </object_component>
      <object_component id="oc-244">
         <name>.bss:mpu9150_s</name>
         <uninitialized>true</uninitialized>
         <run_address>0x8003280</run_address>
         <size>0x4c</size>
         <input_file_ref idref="fl-6"/>
      </object_component>
      <object_component id="oc-224">
         <name>.bss:g_i2cTransfer_t</name>
         <uninitialized>true</uninitialized>
         <run_address>0x80032f4</run_address>
         <size>0xc</size>
         <input_file_ref idref="fl-d"/>
      </object_component>
      <object_component id="oc-378">
         <name>.bss:xStart</name>
         <uninitialized>true</uninitialized>
         <run_address>0x8003300</run_address>
         <size>0x8</size>
         <input_file_ref idref="fl-12"/>
      </object_component>
      <object_component id="oc-aa">
         <name>.bss:g_sciTransfer_t</name>
         <uninitialized>true</uninitialized>
         <run_address>0x80032cc</run_address>
         <size>0x28</size>
         <input_file_ref idref="fl-1b"/>
      </object_component>
      <object_component id="oc-235">
         <name>.bss:str$1</name>
         <uninitialized>true</uninitialized>
         <run_address>0x8003200</run_address>
         <size>0x80</size>
         <input_file_ref idref="fl-1c"/>
      </object_component>
      <object_component id="oc-24a">
         <name>.common:mpuQueue</name>
         <uninitialized>true</uninitialized>
         <run_address>0x8003308</run_address>
         <size>0x4</size>
      </object_component>
      <object_component id="oc-175">
         <name>.common:sciTransfertInProgress</name>
         <uninitialized>true</uninitialized>
         <run_address>0x8003310</run_address>
         <size>0x1</size>
      </object_component>
      <object_component id="oc-172">
         <name>.common:sciSemaphore</name>
         <uninitialized>true</uninitialized>
         <run_address>0x800330c</run_address>
         <size>0x4</size>
      </object_component>
      <object_component id="oc-247">
         <name>.data</name>
         <load_address>0x8003330</load_address>
         <run_address>0x8003330</run_address>
         <size>0x1</size>
         <input_file_ref idref="fl-6"/>
      </object_component>
      <object_component id="oc-375">
         <name>.data</name>
         <load_address>0x8003314</load_address>
         <run_address>0x8003314</run_address>
         <size>0x10</size>
         <input_file_ref idref="fl-12"/>
      </object_component>
      <object_component id="oc-185">
         <name>.data</name>
         <load_address>0x8003324</load_address>
         <run_address>0x8003324</run_address>
         <size>0x8</size>
         <input_file_ref idref="fl-15"/>
      </object_component>
      <object_component id="oc-47d">
         <name>.data</name>
         <load_address>0x800332c</load_address>
         <run_address>0x800332c</run_address>
         <size>0x4</size>
         <input_file_ref idref="fl-3d"/>
      </object_component>
      <object_component id="oc-4d">
         <name>.debug_info</name>
         <load_address>0x0</load_address>
         <run_address>0x0</run_address>
         <size>0x84</size>
         <input_file_ref idref="fl-2"/>
      </object_component>
      <object_component id="oc-25e">
         <name>.debug_info</name>
         <load_address>0x84</load_address>
         <run_address>0x84</run_address>
         <size>0x145</size>
         <input_file_ref idref="fl-2"/>
      </object_component>
      <object_component id="oc-24f">
         <name>.debug_info</name>
         <load_address>0x1c9</load_address>
         <run_address>0x1c9</run_address>
         <size>0x112c</size>
         <input_file_ref idref="fl-3"/>
      </object_component>
      <object_component id="oc-259">
         <name>.debug_info</name>
         <load_address>0x12f5</load_address>
         <run_address>0x12f5</run_address>
         <size>0x319</size>
         <input_file_ref idref="fl-3"/>
      </object_component>
      <object_component id="oc-258">
         <name>.debug_info</name>
         <load_address>0x160e</load_address>
         <run_address>0x160e</run_address>
         <size>0x4b1</size>
         <input_file_ref idref="fl-4"/>
      </object_component>
      <object_component id="oc-255">
         <name>.debug_info</name>
         <load_address>0x1abf</load_address>
         <run_address>0x1abf</run_address>
         <size>0xe2</size>
         <input_file_ref idref="fl-4"/>
      </object_component>
      <object_component id="oc-154">
         <name>.debug_info</name>
         <load_address>0x1ba1</load_address>
         <run_address>0x1ba1</run_address>
         <size>0x29e</size>
         <input_file_ref idref="fl-4"/>
      </object_component>
      <object_component id="oc-290">
         <name>.debug_info</name>
         <load_address>0x1e3f</load_address>
         <run_address>0x1e3f</run_address>
         <size>0x30c</size>
         <input_file_ref idref="fl-4"/>
      </object_component>
      <object_component id="oc-18b">
         <name>.debug_info</name>
         <load_address>0x214b</load_address>
         <run_address>0x214b</run_address>
         <size>0x26b</size>
         <input_file_ref idref="fl-4"/>
      </object_component>
      <object_component id="oc-9d">
         <name>.debug_info</name>
         <load_address>0x23b6</load_address>
         <run_address>0x23b6</run_address>
         <size>0x157</size>
         <input_file_ref idref="fl-4"/>
      </object_component>
      <object_component id="oc-2b7">
         <name>.debug_info</name>
         <load_address>0x250d</load_address>
         <run_address>0x250d</run_address>
         <size>0x395</size>
         <input_file_ref idref="fl-4"/>
      </object_component>
      <object_component id="oc-285">
         <name>.debug_info</name>
         <load_address>0x28a2</load_address>
         <run_address>0x28a2</run_address>
         <size>0xe1</size>
         <input_file_ref idref="fl-4"/>
      </object_component>
      <object_component id="oc-bb">
         <name>.debug_info</name>
         <load_address>0x2983</load_address>
         <run_address>0x2983</run_address>
         <size>0x8b</size>
         <input_file_ref idref="fl-4"/>
      </object_component>
      <object_component id="oc-2a0">
         <name>.debug_info</name>
         <load_address>0x2a0e</load_address>
         <run_address>0x2a0e</run_address>
         <size>0x46</size>
         <input_file_ref idref="fl-4"/>
      </object_component>
      <object_component id="oc-2bc">
         <name>.debug_info</name>
         <load_address>0x2a54</load_address>
         <run_address>0x2a54</run_address>
         <size>0x2c</size>
         <input_file_ref idref="fl-4"/>
      </object_component>
      <object_component id="oc-28b">
         <name>.debug_info</name>
         <load_address>0x2a80</load_address>
         <run_address>0x2a80</run_address>
         <size>0x2c</size>
         <input_file_ref idref="fl-4"/>
      </object_component>
      <object_component id="oc-2d2">
         <name>.debug_info</name>
         <load_address>0x2aac</load_address>
         <run_address>0x2aac</run_address>
         <size>0x297</size>
         <input_file_ref idref="fl-4"/>
      </object_component>
      <object_component id="oc-354">
         <name>.debug_info</name>
         <load_address>0x2d43</load_address>
         <run_address>0x2d43</run_address>
         <size>0xef</size>
         <input_file_ref idref="fl-4"/>
      </object_component>
      <object_component id="oc-17d">
         <name>.debug_info</name>
         <load_address>0x2e32</load_address>
         <run_address>0x2e32</run_address>
         <size>0xbb</size>
         <input_file_ref idref="fl-4"/>
      </object_component>
      <object_component id="oc-2c1">
         <name>.debug_info</name>
         <load_address>0x2eed</load_address>
         <run_address>0x2eed</run_address>
         <size>0xcc</size>
         <input_file_ref idref="fl-4"/>
      </object_component>
      <object_component id="oc-c0">
         <name>.debug_info</name>
         <load_address>0x2fb9</load_address>
         <run_address>0x2fb9</run_address>
         <size>0x86</size>
         <input_file_ref idref="fl-4"/>
      </object_component>
      <object_component id="oc-237">
         <name>.debug_info</name>
         <load_address>0x303f</load_address>
         <run_address>0x303f</run_address>
         <size>0x2c</size>
         <input_file_ref idref="fl-4"/>
      </object_component>
      <object_component id="oc-19a">
         <name>.debug_info</name>
         <load_address>0x306b</load_address>
         <run_address>0x306b</run_address>
         <size>0x1f9</size>
         <input_file_ref idref="fl-4"/>
      </object_component>
      <object_component id="oc-2cd">
         <name>.debug_info</name>
         <load_address>0x3264</load_address>
         <run_address>0x3264</run_address>
         <size>0x2e2</size>
         <input_file_ref idref="fl-4"/>
      </object_component>
      <object_component id="oc-31b">
         <name>.debug_info</name>
         <load_address>0x3546</load_address>
         <run_address>0x3546</run_address>
         <size>0x34f</size>
         <input_file_ref idref="fl-4"/>
      </object_component>
      <object_component id="oc-2b2">
         <name>.debug_info</name>
         <load_address>0x3895</load_address>
         <run_address>0x3895</run_address>
         <size>0x14c</size>
         <input_file_ref idref="fl-4"/>
      </object_component>
      <object_component id="oc-23d">
         <name>.debug_info</name>
         <load_address>0x39e1</load_address>
         <run_address>0x39e1</run_address>
         <size>0x440</size>
         <input_file_ref idref="fl-5"/>
      </object_component>
      <object_component id="oc-149">
         <name>.debug_info</name>
         <load_address>0x3e21</load_address>
         <run_address>0x3e21</run_address>
         <size>0x1de</size>
         <input_file_ref idref="fl-5"/>
      </object_component>
      <object_component id="oc-306">
         <name>.debug_info</name>
         <load_address>0x3fff</load_address>
         <run_address>0x3fff</run_address>
         <size>0x12a</size>
         <input_file_ref idref="fl-5"/>
      </object_component>
      <object_component id="oc-24b">
         <name>.debug_info</name>
         <load_address>0x4129</load_address>
         <run_address>0x4129</run_address>
         <size>0x86a</size>
         <input_file_ref idref="fl-6"/>
      </object_component>
      <object_component id="oc-248">
         <name>.debug_info</name>
         <load_address>0x4993</load_address>
         <run_address>0x4993</run_address>
         <size>0xec</size>
         <input_file_ref idref="fl-6"/>
      </object_component>
      <object_component id="oc-245">
         <name>.debug_info</name>
         <load_address>0x4a7f</load_address>
         <run_address>0x4a7f</run_address>
         <size>0xe2</size>
         <input_file_ref idref="fl-6"/>
      </object_component>
      <object_component id="oc-150">
         <name>.debug_info</name>
         <load_address>0x4b61</load_address>
         <run_address>0x4b61</run_address>
         <size>0x540</size>
         <input_file_ref idref="fl-6"/>
      </object_component>
      <object_component id="oc-363">
         <name>.debug_info</name>
         <load_address>0x50a1</load_address>
         <run_address>0x50a1</run_address>
         <size>0x5a</size>
         <input_file_ref idref="fl-6"/>
      </object_component>
      <object_component id="oc-35c">
         <name>.debug_info</name>
         <load_address>0x50fb</load_address>
         <run_address>0x50fb</run_address>
         <size>0x255</size>
         <input_file_ref idref="fl-6"/>
      </object_component>
      <object_component id="oc-412">
         <name>.debug_info</name>
         <load_address>0x5350</load_address>
         <run_address>0x5350</run_address>
         <size>0x4f1</size>
         <input_file_ref idref="fl-7"/>
      </object_component>
      <object_component id="oc-34e">
         <name>.debug_info</name>
         <load_address>0x5841</load_address>
         <run_address>0x5841</run_address>
         <size>0x848</size>
         <input_file_ref idref="fl-7"/>
      </object_component>
      <object_component id="oc-359">
         <name>.debug_info</name>
         <load_address>0x6089</load_address>
         <run_address>0x6089</run_address>
         <size>0x390</size>
         <input_file_ref idref="fl-8"/>
      </object_component>
      <object_component id="oc-241">
         <name>.debug_info</name>
         <load_address>0x6419</load_address>
         <run_address>0x6419</run_address>
         <size>0x1550</size>
         <input_file_ref idref="fl-8"/>
      </object_component>
      <object_component id="oc-b0">
         <name>.debug_info</name>
         <load_address>0x7969</load_address>
         <run_address>0x7969</run_address>
         <size>0x100</size>
         <input_file_ref idref="fl-9"/>
      </object_component>
      <object_component id="oc-1c6">
         <name>.debug_info</name>
         <load_address>0x7a69</load_address>
         <run_address>0x7a69</run_address>
         <size>0x2bf</size>
         <input_file_ref idref="fl-a"/>
      </object_component>
      <object_component id="oc-70">
         <name>.debug_info</name>
         <load_address>0x7d28</load_address>
         <run_address>0x7d28</run_address>
         <size>0x640</size>
         <input_file_ref idref="fl-a"/>
      </object_component>
      <object_component id="oc-e3">
         <name>.debug_info</name>
         <load_address>0x8368</load_address>
         <run_address>0x8368</run_address>
         <size>0x9e7</size>
         <input_file_ref idref="fl-a"/>
      </object_component>
      <object_component id="oc-fe">
         <name>.debug_info</name>
         <load_address>0x8d4f</load_address>
         <run_address>0x8d4f</run_address>
         <size>0x317</size>
         <input_file_ref idref="fl-b"/>
      </object_component>
      <object_component id="oc-88">
         <name>.debug_info</name>
         <load_address>0x9066</load_address>
         <run_address>0x9066</run_address>
         <size>0xb2c</size>
         <input_file_ref idref="fl-b"/>
      </object_component>
      <object_component id="oc-23">
         <name>.debug_info</name>
         <load_address>0x9b92</load_address>
         <run_address>0x9b92</run_address>
         <size>0x18c</size>
         <input_file_ref idref="fl-b"/>
      </object_component>
      <object_component id="oc-b6">
         <name>.debug_info</name>
         <load_address>0x9d1e</load_address>
         <run_address>0x9d1e</run_address>
         <size>0x18c</size>
         <input_file_ref idref="fl-b"/>
      </object_component>
      <object_component id="oc-190">
         <name>.debug_info</name>
         <load_address>0x9eaa</load_address>
         <run_address>0x9eaa</run_address>
         <size>0x1de</size>
         <input_file_ref idref="fl-b"/>
      </object_component>
      <object_component id="oc-f9">
         <name>.debug_info</name>
         <load_address>0xa088</load_address>
         <run_address>0xa088</run_address>
         <size>0x129</size>
         <input_file_ref idref="fl-b"/>
      </object_component>
      <object_component id="oc-1a9">
         <name>.debug_info</name>
         <load_address>0xa1b1</load_address>
         <run_address>0xa1b1</run_address>
         <size>0x2d0</size>
         <input_file_ref idref="fl-b"/>
      </object_component>
      <object_component id="oc-21c">
         <name>.debug_info</name>
         <load_address>0xa481</load_address>
         <run_address>0xa481</run_address>
         <size>0x29a</size>
         <input_file_ref idref="fl-c"/>
      </object_component>
      <object_component id="oc-133">
         <name>.debug_info</name>
         <load_address>0xa71b</load_address>
         <run_address>0xa71b</run_address>
         <size>0x6e4</size>
         <input_file_ref idref="fl-c"/>
      </object_component>
      <object_component id="oc-228">
         <name>.debug_info</name>
         <load_address>0xadff</load_address>
         <run_address>0xadff</run_address>
         <size>0x2a5</size>
         <input_file_ref idref="fl-d"/>
      </object_component>
      <object_component id="oc-225">
         <name>.debug_info</name>
         <load_address>0xb0a4</load_address>
         <run_address>0xb0a4</run_address>
         <size>0xeb</size>
         <input_file_ref idref="fl-d"/>
      </object_component>
      <object_component id="oc-13c">
         <name>.debug_info</name>
         <load_address>0xb18f</load_address>
         <run_address>0xb18f</run_address>
         <size>0xfbe</size>
         <input_file_ref idref="fl-d"/>
      </object_component>
      <object_component id="oc-314">
         <name>.debug_info</name>
         <load_address>0xc14d</load_address>
         <run_address>0xc14d</run_address>
         <size>0x69</size>
         <input_file_ref idref="fl-d"/>
      </object_component>
      <object_component id="oc-177">
         <name>.debug_info</name>
         <load_address>0xc1b6</load_address>
         <run_address>0xc1b6</run_address>
         <size>0x648</size>
         <input_file_ref idref="fl-e"/>
      </object_component>
      <object_component id="oc-97">
         <name>.debug_info</name>
         <load_address>0xc7fe</load_address>
         <run_address>0xc7fe</run_address>
         <size>0x7e4</size>
         <input_file_ref idref="fl-e"/>
      </object_component>
      <object_component id="oc-1cb">
         <name>.debug_info</name>
         <load_address>0xcfe2</load_address>
         <run_address>0xcfe2</run_address>
         <size>0x791</size>
         <input_file_ref idref="fl-e"/>
      </object_component>
      <object_component id="oc-1d0">
         <name>.debug_info</name>
         <load_address>0xd773</load_address>
         <run_address>0xd773</run_address>
         <size>0x4de</size>
         <input_file_ref idref="fl-e"/>
      </object_component>
      <object_component id="oc-1d5">
         <name>.debug_info</name>
         <load_address>0xdc51</load_address>
         <run_address>0xdc51</run_address>
         <size>0x3ce</size>
         <input_file_ref idref="fl-e"/>
      </object_component>
      <object_component id="oc-2c8">
         <name>.debug_info</name>
         <load_address>0xe01f</load_address>
         <run_address>0xe01f</run_address>
         <size>0x7cd</size>
         <input_file_ref idref="fl-e"/>
      </object_component>
      <object_component id="oc-178">
         <name>.debug_info</name>
         <load_address>0xe7ec</load_address>
         <run_address>0xe7ec</run_address>
         <size>0x673</size>
         <input_file_ref idref="fl-e"/>
      </object_component>
      <object_component id="oc-1be">
         <name>.debug_info</name>
         <load_address>0xee5f</load_address>
         <run_address>0xee5f</run_address>
         <size>0x2c</size>
         <input_file_ref idref="fl-e"/>
      </object_component>
      <object_component id="oc-1da">
         <name>.debug_info</name>
         <load_address>0xee8b</load_address>
         <run_address>0xee8b</run_address>
         <size>0x437</size>
         <input_file_ref idref="fl-e"/>
      </object_component>
      <object_component id="oc-205">
         <name>.debug_info</name>
         <load_address>0xf2c2</load_address>
         <run_address>0xf2c2</run_address>
         <size>0x37b</size>
         <input_file_ref idref="fl-e"/>
      </object_component>
      <object_component id="oc-1df">
         <name>.debug_info</name>
         <load_address>0xf63d</load_address>
         <run_address>0xf63d</run_address>
         <size>0x1ca</size>
         <input_file_ref idref="fl-e"/>
      </object_component>
      <object_component id="oc-195">
         <name>.debug_info</name>
         <load_address>0xf807</load_address>
         <run_address>0xf807</run_address>
         <size>0x435</size>
         <input_file_ref idref="fl-e"/>
      </object_component>
      <object_component id="oc-1f8">
         <name>.debug_info</name>
         <load_address>0xfc3c</load_address>
         <run_address>0xfc3c</run_address>
         <size>0x551</size>
         <input_file_ref idref="fl-e"/>
      </object_component>
      <object_component id="oc-1e4">
         <name>.debug_info</name>
         <load_address>0x1018d</load_address>
         <run_address>0x1018d</run_address>
         <size>0x3d3</size>
         <input_file_ref idref="fl-e"/>
      </object_component>
      <object_component id="oc-1ee">
         <name>.debug_info</name>
         <load_address>0x10560</load_address>
         <run_address>0x10560</run_address>
         <size>0x1de</size>
         <input_file_ref idref="fl-e"/>
      </object_component>
      <object_component id="oc-2ad">
         <name>.debug_info</name>
         <load_address>0x1073e</load_address>
         <run_address>0x1073e</run_address>
         <size>0x243</size>
         <input_file_ref idref="fl-e"/>
      </object_component>
      <object_component id="oc-2e2">
         <name>.debug_info</name>
         <load_address>0x10981</load_address>
         <run_address>0x10981</run_address>
         <size>0x18e</size>
         <input_file_ref idref="fl-e"/>
      </object_component>
      <object_component id="oc-1fd">
         <name>.debug_info</name>
         <load_address>0x10b0f</load_address>
         <run_address>0x10b0f</run_address>
         <size>0x17a</size>
         <input_file_ref idref="fl-e"/>
      </object_component>
      <object_component id="oc-19f">
         <name>.debug_info</name>
         <load_address>0x10c89</load_address>
         <run_address>0x10c89</run_address>
         <size>0x6a6</size>
         <input_file_ref idref="fl-e"/>
      </object_component>
      <object_component id="oc-1a4">
         <name>.debug_info</name>
         <load_address>0x1132f</load_address>
         <run_address>0x1132f</run_address>
         <size>0x13e</size>
         <input_file_ref idref="fl-e"/>
      </object_component>
      <object_component id="oc-3ad">
         <name>.debug_info</name>
         <load_address>0x1146d</load_address>
         <run_address>0x1146d</run_address>
         <size>0x68b</size>
         <input_file_ref idref="fl-11"/>
      </object_component>
      <object_component id="oc-321">
         <name>.debug_info</name>
         <load_address>0x11af8</load_address>
         <run_address>0x11af8</run_address>
         <size>0x147b</size>
         <input_file_ref idref="fl-11"/>
      </object_component>
      <object_component id="oc-2a6">
         <name>.debug_info</name>
         <load_address>0x12f73</load_address>
         <run_address>0x12f73</run_address>
         <size>0x110</size>
         <input_file_ref idref="fl-11"/>
      </object_component>
      <object_component id="oc-328">
         <name>.debug_info</name>
         <load_address>0x13083</load_address>
         <run_address>0x13083</run_address>
         <size>0x39</size>
         <input_file_ref idref="fl-11"/>
      </object_component>
      <object_component id="oc-38e">
         <name>.debug_info</name>
         <load_address>0x130bc</load_address>
         <run_address>0x130bc</run_address>
         <size>0x46</size>
         <input_file_ref idref="fl-11"/>
      </object_component>
      <object_component id="oc-430">
         <name>.debug_info</name>
         <load_address>0x13102</load_address>
         <run_address>0x13102</run_address>
         <size>0x62</size>
         <input_file_ref idref="fl-11"/>
      </object_component>
      <object_component id="oc-37c">
         <name>.debug_info</name>
         <load_address>0x13164</load_address>
         <run_address>0x13164</run_address>
         <size>0x433</size>
         <input_file_ref idref="fl-12"/>
      </object_component>
      <object_component id="oc-416">
         <name>.debug_info</name>
         <load_address>0x13597</load_address>
         <run_address>0x13597</run_address>
         <size>0xdd</size>
         <input_file_ref idref="fl-12"/>
      </object_component>
      <object_component id="oc-379">
         <name>.debug_info</name>
         <load_address>0x13674</load_address>
         <run_address>0x13674</run_address>
         <size>0xdd</size>
         <input_file_ref idref="fl-12"/>
      </object_component>
      <object_component id="oc-376">
         <name>.debug_info</name>
         <load_address>0x13751</load_address>
         <run_address>0x13751</run_address>
         <size>0x191</size>
         <input_file_ref idref="fl-12"/>
      </object_component>
      <object_component id="oc-265">
         <name>.debug_info</name>
         <load_address>0x138e2</load_address>
         <run_address>0x138e2</run_address>
         <size>0x53a</size>
         <input_file_ref idref="fl-12"/>
      </object_component>
      <object_component id="oc-372">
         <name>.debug_info</name>
         <load_address>0x13e1c</load_address>
         <run_address>0x13e1c</run_address>
         <size>0x2b4</size>
         <input_file_ref idref="fl-12"/>
      </object_component>
      <object_component id="oc-41d">
         <name>.debug_info</name>
         <load_address>0x140d0</load_address>
         <run_address>0x140d0</run_address>
         <size>0x62</size>
         <input_file_ref idref="fl-12"/>
      </object_component>
      <object_component id="oc-37e">
         <name>.debug_info</name>
         <load_address>0x14132</load_address>
         <run_address>0x14132</run_address>
         <size>0x36e</size>
         <input_file_ref idref="fl-13"/>
      </object_component>
      <object_component id="oc-26a">
         <name>.debug_info</name>
         <load_address>0x144a0</load_address>
         <run_address>0x144a0</run_address>
         <size>0x4bb</size>
         <input_file_ref idref="fl-13"/>
      </object_component>
      <object_component id="oc-327">
         <name>.debug_info</name>
         <load_address>0x1495b</load_address>
         <run_address>0x1495b</run_address>
         <size>0xe73</size>
         <input_file_ref idref="fl-14"/>
      </object_component>
      <object_component id="oc-22a">
         <name>.debug_info</name>
         <load_address>0x157ce</load_address>
         <run_address>0x157ce</run_address>
         <size>0x3c54</size>
         <input_file_ref idref="fl-14"/>
      </object_component>
      <object_component id="oc-386">
         <name>.debug_info</name>
         <load_address>0x19422</load_address>
         <run_address>0x19422</run_address>
         <size>0x486</size>
         <input_file_ref idref="fl-15"/>
      </object_component>
      <object_component id="oc-186">
         <name>.debug_info</name>
         <load_address>0x198a8</load_address>
         <run_address>0x198a8</run_address>
         <size>0x12b</size>
         <input_file_ref idref="fl-15"/>
      </object_component>
      <object_component id="oc-270">
         <name>.debug_info</name>
         <load_address>0x199d3</load_address>
         <run_address>0x199d3</run_address>
         <size>0x5bf</size>
         <input_file_ref idref="fl-15"/>
      </object_component>
      <object_component id="oc-380">
         <name>.debug_info</name>
         <load_address>0x19f92</load_address>
         <run_address>0x19f92</run_address>
         <size>0x364</size>
         <input_file_ref idref="fl-15"/>
      </object_component>
      <object_component id="oc-a4">
         <name>.debug_info</name>
         <load_address>0x1a2f6</load_address>
         <run_address>0x1a2f6</run_address>
         <size>0x4e1</size>
         <input_file_ref idref="fl-16"/>
      </object_component>
      <object_component id="oc-2a5">
         <name>.debug_info</name>
         <load_address>0x1a7d7</load_address>
         <run_address>0x1a7d7</run_address>
         <size>0x7b1</size>
         <input_file_ref idref="fl-17"/>
      </object_component>
      <object_component id="oc-16e">
         <name>.debug_info</name>
         <load_address>0x1af88</load_address>
         <run_address>0x1af88</run_address>
         <size>0x2697</size>
         <input_file_ref idref="fl-17"/>
      </object_component>
      <object_component id="oc-3a8">
         <name>.debug_info</name>
         <load_address>0x1d61f</load_address>
         <run_address>0x1d61f</run_address>
         <size>0x155</size>
         <input_file_ref idref="fl-17"/>
      </object_component>
      <object_component id="oc-28a">
         <name>.debug_info</name>
         <load_address>0x1d774</load_address>
         <run_address>0x1d774</run_address>
         <size>0x85c</size>
         <input_file_ref idref="fl-18"/>
      </object_component>
      <object_component id="oc-183">
         <name>.debug_info</name>
         <load_address>0x1dfd0</load_address>
         <run_address>0x1dfd0</run_address>
         <size>0x34e</size>
         <input_file_ref idref="fl-18"/>
      </object_component>
      <object_component id="oc-27c">
         <name>.debug_info</name>
         <load_address>0x1e31e</load_address>
         <run_address>0x1e31e</run_address>
         <size>0x27a</size>
         <input_file_ref idref="fl-18"/>
      </object_component>
      <object_component id="oc-15a">
         <name>.debug_info</name>
         <load_address>0x1e598</load_address>
         <run_address>0x1e598</run_address>
         <size>0x4efc</size>
         <input_file_ref idref="fl-18"/>
      </object_component>
      <object_component id="oc-277">
         <name>.debug_info</name>
         <load_address>0x23494</load_address>
         <run_address>0x23494</run_address>
         <size>0x3fc</size>
         <input_file_ref idref="fl-18"/>
      </object_component>
      <object_component id="oc-393">
         <name>.debug_info</name>
         <load_address>0x23890</load_address>
         <run_address>0x23890</run_address>
         <size>0x17a</size>
         <input_file_ref idref="fl-18"/>
      </object_component>
      <object_component id="oc-1c8">
         <name>.debug_info</name>
         <load_address>0x23a0a</load_address>
         <run_address>0x23a0a</run_address>
         <size>0x281</size>
         <input_file_ref idref="fl-1a"/>
      </object_component>
      <object_component id="oc-ec">
         <name>.debug_info</name>
         <load_address>0x23c8b</load_address>
         <run_address>0x23c8b</run_address>
         <size>0x1ea</size>
         <input_file_ref idref="fl-1a"/>
      </object_component>
      <object_component id="oc-1e9">
         <name>.debug_info</name>
         <load_address>0x23e75</load_address>
         <run_address>0x23e75</run_address>
         <size>0x508</size>
         <input_file_ref idref="fl-1a"/>
      </object_component>
      <object_component id="oc-2eb">
         <name>.debug_info</name>
         <load_address>0x2437d</load_address>
         <run_address>0x2437d</run_address>
         <size>0x43c</size>
         <input_file_ref idref="fl-1a"/>
      </object_component>
      <object_component id="oc-1b5">
         <name>.debug_info</name>
         <load_address>0x247b9</load_address>
         <run_address>0x247b9</run_address>
         <size>0x31c</size>
         <input_file_ref idref="fl-1b"/>
      </object_component>
      <object_component id="oc-ab">
         <name>.debug_info</name>
         <load_address>0x24ad5</load_address>
         <run_address>0x24ad5</run_address>
         <size>0xeb</size>
         <input_file_ref idref="fl-1b"/>
      </object_component>
      <object_component id="oc-137">
         <name>.debug_info</name>
         <load_address>0x24bc0</load_address>
         <run_address>0x24bc0</run_address>
         <size>0xd06</size>
         <input_file_ref idref="fl-1b"/>
      </object_component>
      <object_component id="oc-2b">
         <name>.debug_info</name>
         <load_address>0x258c6</load_address>
         <run_address>0x258c6</run_address>
         <size>0x220</size>
         <input_file_ref idref="fl-1b"/>
      </object_component>
      <object_component id="oc-2dd">
         <name>.debug_info</name>
         <load_address>0x25ae6</load_address>
         <run_address>0x25ae6</run_address>
         <size>0x91</size>
         <input_file_ref idref="fl-1b"/>
      </object_component>
      <object_component id="oc-173">
         <name>.debug_info</name>
         <load_address>0x25b77</load_address>
         <run_address>0x25b77</run_address>
         <size>0x59a</size>
         <input_file_ref idref="fl-1c"/>
      </object_component>
      <object_component id="oc-143">
         <name>.debug_info</name>
         <load_address>0x26111</load_address>
         <run_address>0x26111</run_address>
         <size>0x264</size>
         <input_file_ref idref="fl-1c"/>
      </object_component>
      <object_component id="oc-6b">
         <name>.debug_info</name>
         <load_address>0x26375</load_address>
         <run_address>0x26375</run_address>
         <size>0x7f5</size>
         <input_file_ref idref="fl-1d"/>
      </object_component>
      <object_component id="oc-31">
         <name>.debug_info</name>
         <load_address>0x26b6a</load_address>
         <run_address>0x26b6a</run_address>
         <size>0x108</size>
         <input_file_ref idref="fl-1f"/>
      </object_component>
      <object_component id="oc-90">
         <name>.debug_info</name>
         <load_address>0x26c72</load_address>
         <run_address>0x26c72</run_address>
         <size>0x1ab</size>
         <input_file_ref idref="fl-20"/>
      </object_component>
      <object_component id="oc-2f0">
         <name>.debug_info</name>
         <load_address>0x26e1d</load_address>
         <run_address>0x26e1d</run_address>
         <size>0x2a0</size>
         <input_file_ref idref="fl-22"/>
      </object_component>
      <object_component id="oc-3b0">
         <name>.debug_info</name>
         <load_address>0x270bd</load_address>
         <run_address>0x270bd</run_address>
         <size>0x242</size>
         <input_file_ref idref="fl-22"/>
      </object_component>
      <object_component id="oc-1f3">
         <name>.debug_info</name>
         <load_address>0x272ff</load_address>
         <run_address>0x272ff</run_address>
         <size>0x2af</size>
         <input_file_ref idref="fl-22"/>
      </object_component>
      <object_component id="oc-39">
         <name>.debug_info</name>
         <load_address>0x275ae</load_address>
         <run_address>0x275ae</run_address>
         <size>0x13d</size>
         <input_file_ref idref="fl-23"/>
      </object_component>
      <object_component id="oc-f2">
         <name>.debug_info</name>
         <load_address>0x276eb</load_address>
         <run_address>0x276eb</run_address>
         <size>0x367</size>
         <input_file_ref idref="fl-25"/>
      </object_component>
      <object_component id="oc-f7">
         <name>.debug_info</name>
         <load_address>0x27a52</load_address>
         <run_address>0x27a52</run_address>
         <size>0x670</size>
         <input_file_ref idref="fl-26"/>
      </object_component>
      <object_component id="oc-82">
         <name>.debug_info</name>
         <load_address>0x280c2</load_address>
         <run_address>0x280c2</run_address>
         <size>0x2e8f</size>
         <input_file_ref idref="fl-26"/>
      </object_component>
      <object_component id="oc-1d">
         <name>.debug_info</name>
         <load_address>0x2af51</load_address>
         <run_address>0x2af51</run_address>
         <size>0x5e3</size>
         <input_file_ref idref="fl-27"/>
      </object_component>
      <object_component id="oc-76">
         <name>.debug_info</name>
         <load_address>0x2b534</load_address>
         <run_address>0x2b534</run_address>
         <size>0x136</size>
         <input_file_ref idref="fl-27"/>
      </object_component>
      <object_component id="oc-a9">
         <name>.debug_info</name>
         <load_address>0x2b66a</load_address>
         <run_address>0x2b66a</run_address>
         <size>0x4da</size>
         <input_file_ref idref="fl-28"/>
      </object_component>
      <object_component id="oc-28">
         <name>.debug_info</name>
         <load_address>0x2bb44</load_address>
         <run_address>0x2bb44</run_address>
         <size>0xe5</size>
         <input_file_ref idref="fl-28"/>
      </object_component>
      <object_component id="oc-3d">
         <name>.debug_info</name>
         <load_address>0x2bc29</load_address>
         <run_address>0x2bc29</run_address>
         <size>0x477</size>
         <input_file_ref idref="fl-28"/>
      </object_component>
      <object_component id="oc-42">
         <name>.debug_info</name>
         <load_address>0x2c0a0</load_address>
         <run_address>0x2c0a0</run_address>
         <size>0x200</size>
         <input_file_ref idref="fl-28"/>
      </object_component>
      <object_component id="oc-1ae">
         <name>.debug_info</name>
         <load_address>0x2c2a0</load_address>
         <run_address>0x2c2a0</run_address>
         <size>0x4f</size>
         <input_file_ref idref="fl-28"/>
      </object_component>
      <object_component id="oc-f0">
         <name>.debug_info</name>
         <load_address>0x2c2ef</load_address>
         <run_address>0x2c2ef</run_address>
         <size>0x51d</size>
         <input_file_ref idref="fl-29"/>
      </object_component>
      <object_component id="oc-7c">
         <name>.debug_info</name>
         <load_address>0x2c80c</load_address>
         <run_address>0x2c80c</run_address>
         <size>0x7da</size>
         <input_file_ref idref="fl-29"/>
      </object_component>
      <object_component id="oc-340">
         <name>.debug_info</name>
         <load_address>0x2cfe6</load_address>
         <run_address>0x2cfe6</run_address>
         <size>0x341</size>
         <input_file_ref idref="fl-2e"/>
      </object_component>
      <object_component id="oc-231">
         <name>.debug_info</name>
         <load_address>0x2d327</load_address>
         <run_address>0x2d327</run_address>
         <size>0x209</size>
         <input_file_ref idref="fl-2e"/>
      </object_component>
      <object_component id="oc-337">
         <name>.debug_info</name>
         <load_address>0x2d530</load_address>
         <run_address>0x2d530</run_address>
         <size>0x1c7</size>
         <input_file_ref idref="fl-2e"/>
      </object_component>
      <object_component id="oc-33c">
         <name>.debug_info</name>
         <load_address>0x2d6f7</load_address>
         <run_address>0x2d6f7</run_address>
         <size>0x17a</size>
         <input_file_ref idref="fl-2e"/>
      </object_component>
      <object_component id="oc-341">
         <name>.debug_info</name>
         <load_address>0x2d871</load_address>
         <run_address>0x2d871</run_address>
         <size>0x2c</size>
         <input_file_ref idref="fl-2e"/>
      </object_component>
      <object_component id="oc-346">
         <name>.debug_info</name>
         <load_address>0x2d89d</load_address>
         <run_address>0x2d89d</run_address>
         <size>0x69</size>
         <input_file_ref idref="fl-2e"/>
      </object_component>
      <object_component id="oc-3c1">
         <name>.debug_info</name>
         <load_address>0x2d906</load_address>
         <run_address>0x2d906</run_address>
         <size>0x46</size>
         <input_file_ref idref="fl-2f"/>
      </object_component>
      <object_component id="oc-30c">
         <name>.debug_info</name>
         <load_address>0x2d94c</load_address>
         <run_address>0x2d94c</run_address>
         <size>0x39</size>
         <input_file_ref idref="fl-2f"/>
      </object_component>
      <object_component id="oc-311">
         <name>.debug_info</name>
         <load_address>0x2d985</load_address>
         <run_address>0x2d985</run_address>
         <size>0x290</size>
         <input_file_ref idref="fl-32"/>
      </object_component>
      <object_component id="oc-21e">
         <name>.debug_info</name>
         <load_address>0x2dc15</load_address>
         <run_address>0x2dc15</run_address>
         <size>0x1a1</size>
         <input_file_ref idref="fl-32"/>
      </object_component>
      <object_component id="oc-dc">
         <name>.debug_info</name>
         <load_address>0x2ddb6</load_address>
         <run_address>0x2ddb6</run_address>
         <size>0x148</size>
         <input_file_ref idref="fl-33"/>
      </object_component>
      <object_component id="oc-54">
         <name>.debug_info</name>
         <load_address>0x2defe</load_address>
         <run_address>0x2defe</run_address>
         <size>0x11a</size>
         <input_file_ref idref="fl-34"/>
      </object_component>
      <object_component id="oc-20d">
         <name>.debug_info</name>
         <load_address>0x2e018</load_address>
         <run_address>0x2e018</run_address>
         <size>0x4b4</size>
         <input_file_ref idref="fl-35"/>
      </object_component>
      <object_component id="oc-102">
         <name>.debug_info</name>
         <load_address>0x2e4cc</load_address>
         <run_address>0x2e4cc</run_address>
         <size>0x1a7</size>
         <input_file_ref idref="fl-35"/>
      </object_component>
      <object_component id="oc-2f3">
         <name>.debug_info</name>
         <load_address>0x2e673</load_address>
         <run_address>0x2e673</run_address>
         <size>0x39</size>
         <input_file_ref idref="fl-35"/>
      </object_component>
      <object_component id="oc-3b5">
         <name>.debug_info</name>
         <load_address>0x2e6ac</load_address>
         <run_address>0x2e6ac</run_address>
         <size>0x39</size>
         <input_file_ref idref="fl-35"/>
      </object_component>
      <object_component id="oc-2f8">
         <name>.debug_info</name>
         <load_address>0x2e6e5</load_address>
         <run_address>0x2e6e5</run_address>
         <size>0x39</size>
         <input_file_ref idref="fl-35"/>
      </object_component>
      <object_component id="oc-2fd">
[...]
      </symbol>
      <symbol id="sm-a68">
         <name>_pmuInit_</name>
         <value>0x145d4</value>
         <object_component_ref idref="oc-f1"/>
      </symbol>
      <symbol id="sm-a69">
         <name>_pmuGetOverflow_</name>
         <value>0x146a0</value>
         <object_component_ref idref="oc-f1"/>
      </symbol>
      <symbol id="sm-a6a">
         <name>_pmuResetCycleCounter_</name>
         <value>0x14640</value>
         <object_component_ref idref="oc-f1"/>
      </symbol>
      <symbol id="sm-a6b">
         <name>_pmuSetCountEvent_</name>
         <value>0x14680</value>
         <object_component_ref idref="oc-f1"/>
      </symbol>
      <symbol id="sm-a6c">
         <name>_pmuGetCycleCount_</name>
         <value>0x1468c</value>
         <object_component_ref idref="oc-f1"/>
      </symbol>
      <symbol id="sm-a6d">
         <name>_pmuEnableCountersGlobal_</name>
         <value>0x14620</value>
         <object_component_ref idref="oc-f1"/>
      </symbol>
      <symbol id="sm-a6e">
         <name>_pmuDisableCountersGlobal_</name>
         <value>0x14630</value>
         <object_component_ref idref="oc-f1"/>
      </symbol>
      <symbol id="sm-a6f">
         <name>_pmuStartCounters_</name>
         <value>0x14670</value>
         <object_component_ref idref="oc-f1"/>
      </symbol>
      <symbol id="sm-c2f">
         <name>pbistSelfCheck</name>
         <value>0x82cc</value>
         <object_component_ref idref="oc-81"/>
      </symbol>
      <symbol id="sm-c30">
         <name>fmcBus1ParityCheck</name>
         <value>0xa2c4</value>
         <object_component_ref idref="oc-81"/>
      </symbol>
      <symbol id="sm-c31">
         <name>can1ParityCheck</name>
         <value>0x9410</value>
         <object_component_ref idref="oc-81"/>
      </symbol>
      <symbol id="sm-c32">
         <name>enableParity</name>
         <value>0xaad0</value>
         <object_component_ref idref="oc-81"/>
      </symbol>
      <symbol id="sm-c33">
         <name>dmaParityCheck</name>
         <value>0x8eac</value>
         <object_component_ref idref="oc-81"/>
      </symbol>
      <symbol id="sm-c34">
         <name>custom_dabort</name>
         <value>0x8df4</value>
         <object_component_ref idref="oc-81"/>
      </symbol>
      <symbol id="sm-c35">
         <name>memoryInit</name>
         <value>0x8174</value>
         <object_component_ref idref="oc-81"/>
      </symbol>
      <symbol id="sm-c36">
         <name>stcSelfCheck</name>
         <value>0x81b8</value>
         <object_component_ref idref="oc-81"/>
      </symbol>
      <symbol id="sm-c37">
         <name>efcGetConfigValue</name>
         <value>0xa660</value>
         <object_component_ref idref="oc-81"/>
      </symbol>
      <symbol id="sm-c38">
         <name>can2ParityCheck</name>
         <value>0x94e8</value>
         <object_component_ref idref="oc-81"/>
      </symbol>
      <symbol id="sm-c39">
         <name>het1ParityCheck</name>
         <value>0x8f58</value>
         <object_component_ref idref="oc-81"/>
      </symbol>
      <symbol id="sm-c3a">
         <name>adc1ParityCheck</name>
         <value>0x926c</value>
         <object_component_ref idref="oc-81"/>
      </symbol>
      <symbol id="sm-c3b">
         <name>checkefcSelfTest</name>
         <value>0x87bc</value>
         <object_component_ref idref="oc-81"/>
      </symbol>
      <symbol id="sm-c3c">
         <name>checkRAMECC</name>
         <value>0x99d0</value>
         <object_component_ref idref="oc-81"/>
      </symbol>
      <symbol id="sm-c3d">
         <name>stcSelfCheckFail</name>
         <value>0x8df8</value>
         <object_component_ref idref="oc-81"/>
      </symbol>
      <symbol id="sm-c3e">
         <name>ccmSelfCheck</name>
         <value>0x8030</value>
         <object_component_ref idref="oc-81"/>
      </symbol>
      <symbol id="sm-c3f">
         <name>efcCheck</name>
         <value>0x8660</value>
         <object_component_ref idref="oc-81"/>
      </symbol>
      <symbol id="sm-c40">
         <name>het2ParityCheck</name>
         <value>0x90c0</value>
         <object_component_ref idref="oc-81"/>
      </symbol>
      <symbol id="sm-c41">
         <name>adc2ParityCheck</name>
         <value>0x9358</value>
         <object_component_ref idref="oc-81"/>
      </symbol>
      <symbol id="sm-c42">
         <name>cpuSelfTest</name>
         <value>0x8234</value>
         <object_component_ref idref="oc-81"/>
      </symbol>
      <symbol id="sm-c43">
         <name>htu1ParityCheck</name>
         <value>0x9004</value>
         <object_component_ref idref="oc-81"/>
      </symbol>
      <symbol id="sm-c44">
         <name>checkFlashECC</name>
         <value>0x8d18</value>
         <object_component_ref idref="oc-81"/>
      </symbol>
      <symbol id="sm-c45">
         <name>cpuSelfTestFail</name>
         <value>0x8dfc</value>
         <object_component_ref idref="oc-81"/>
      </symbol>
      <symbol id="sm-c46">
         <name>checkPLL1Slip</name>
         <value>0x9e8c</value>
         <object_component_ref idref="oc-81"/>
      </symbol>
      <symbol id="sm-c47">
         <name>mibspi1ParityCheck</name>
         <value>0x9684</value>
         <object_component_ref idref="oc-81"/>
      </symbol>
      <symbol id="sm-c48">
         <name>ccmr4GetConfigValue</name>
         <value>0xa6fc</value>
         <object_component_ref idref="oc-81"/>
      </symbol>
      <symbol id="sm-c49">
         <name>htu2ParityCheck</name>
         <value>0x91bc</value>
         <object_component_ref idref="oc-81"/>
      </symbol>
      <symbol id="sm-c4a">
         <name>pbistPortTestStatus</name>
         <value>0x8608</value>
         <object_component_ref idref="oc-81"/>
      </symbol>
      <symbol id="sm-c4b">
         <name>checkFlashEEPROMECC</name>
         <value>0x9cf4</value>
         <object_component_ref idref="oc-81"/>
      </symbol>
      <symbol id="sm-c4c">
         <name>pbistGetConfigValue</name>
         <value>0xa470</value>
         <object_component_ref idref="oc-81"/>
      </symbol>
      <symbol id="sm-c4d">
         <name>vimParityCheck</name>
         <value>0x8e00</value>
         <object_component_ref idref="oc-81"/>
      </symbol>
      <symbol id="sm-c4e">
         <name>pbistIsTestCompleted</name>
         <value>0x85a8</value>
         <object_component_ref idref="oc-81"/>
      </symbol>
      <symbol id="sm-c4f">
         <name>disableParity</name>
         <value>0xab58</value>
         <object_component_ref idref="oc-81"/>
      </symbol>
      <symbol id="sm-c50">
         <name>pbistRun</name>
         <value>0x84ac</value>
         <object_component_ref idref="oc-81"/>
      </symbol>
      <symbol id="sm-c51">
         <name>pbistFail</name>
         <value>0xa3ec</value>
         <object_component_ref idref="oc-81"/>
      </symbol>
      <symbol id="sm-c52">
         <name>selftestFailNotification</name>
         <value>0x8020</value>
         <object_component_ref idref="oc-81"/>
      </symbol>
      <symbol id="sm-c53">
         <name>errata_PBIST_4</name>
         <value>0xa76c</value>
         <object_component_ref idref="oc-81"/>
      </symbol>
      <symbol id="sm-c54">
         <name>mibspi3ParityCheck</name>
         <value>0x978c</value>
         <object_component_ref idref="oc-81"/>
      </symbol>
      <symbol id="sm-c55">
         <name>efcSelfTest</name>
         <value>0x8794</value>
         <object_component_ref idref="oc-81"/>
      </symbol>
      <symbol id="sm-c56">
         <name>checkB1RAMECC</name>
         <value>0x8b28</value>
         <object_component_ref idref="oc-81"/>
      </symbol>
      <symbol id="sm-c57">
         <name>pbistStop</name>
         <value>0x8578</value>
         <object_component_ref idref="oc-81"/>
      </symbol>
      <symbol id="sm-c58">
         <name>can3ParityCheck</name>
         <value>0x95b0</value>
         <object_component_ref idref="oc-81"/>
      </symbol>
      <symbol id="sm-c59">
         <name>checkRAMAddrParity</name>
         <value>0xa050</value>
         <object_component_ref idref="oc-81"/>
      </symbol>
      <symbol id="sm-c5a">
         <name>mibspi5ParityCheck</name>
         <value>0x98b0</value>
         <object_component_ref idref="oc-81"/>
      </symbol>
      <symbol id="sm-c5b">
         <name>checkB0RAMECC</name>
         <value>0x8938</value>
         <object_component_ref idref="oc-81"/>
      </symbol>
      <symbol id="sm-c5c">
         <name>stcGetConfigValue</name>
         <value>0xa5bc</value>
         <object_component_ref idref="oc-81"/>
      </symbol>
      <symbol id="sm-c5d">
         <name>pbistIsTestPassed</name>
         <value>0x85d4</value>
         <object_component_ref idref="oc-81"/>
      </symbol>
      <symbol id="sm-c5e">
         <name>checkClockMonitor</name>
         <value>0x9c18</value>
         <object_component_ref idref="oc-81"/>
      </symbol>
      <symbol id="sm-c5f">
         <name>fmcECCcheck</name>
         <value>0x8898</value>
         <object_component_ref idref="oc-81"/>
      </symbol>
      <symbol id="sm-c60">
         <name>fmcBus2Check</name>
         <value>0x885c</value>
         <object_component_ref idref="oc-81"/>
      </symbol>
      <symbol id="sm-c61">
         <name>checkRAMUERRTest</name>
         <value>0xa15c</value>
         <object_component_ref idref="oc-81"/>
      </symbol>
      <symbol id="sm-c62">
         <name>efcStuckZeroTest</name>
         <value>0x86e8</value>
         <object_component_ref idref="oc-81"/>
      </symbol>
      <symbol id="sm-c63">
         <name>checkPLL2Slip</name>
         <value>0x9f8c</value>
         <object_component_ref idref="oc-81"/>
      </symbol>
      <symbol id="sm-c95">
         <name>_c_int00</name>
         <value>0x12bc8</value>
         <object_component_ref idref="oc-1b"/>
      </symbol>
      <symbol id="sm-c96">
         <name>handlePLLLockFail</name>
         <value>0x14d4c</value>
         <object_component_ref idref="oc-75"/>
      </symbol>
      <symbol id="sm-d46">
         <name>vimChannelMap</name>
         <value>0xc5fc</value>
         <object_component_ref idref="oc-3c"/>
      </symbol>
      <symbol id="sm-d47">
         <name>vimInit</name>
         <value>0xc528</value>
         <object_component_ref idref="oc-3c"/>
      </symbol>
      <symbol id="sm-d48">
         <name>vimEnableInterrupt</name>
         <value>0xc6a0</value>
         <object_component_ref idref="oc-3c"/>
      </symbol>
      <symbol id="sm-d49">
         <name>vimDisableInterrupt</name>
         <value>0xc868</value>
         <object_component_ref idref="oc-3c"/>
      </symbol>
      <symbol id="sm-d4a">
         <name>vimGetConfigValue</name>
         <value>0xc914</value>
         <object_component_ref idref="oc-3c"/>
      </symbol>
      <symbol id="sm-d4b">
         <name>vimParityErrorHandler</name>
         <value>0x123b0</value>
         <object_component_ref idref="oc-3b"/>
      </symbol>
      <symbol id="sm-da6">
         <name>systemGetConfigValue</name>
         <value>0xbd50</value>
         <object_component_ref idref="oc-7b"/>
      </symbol>
      <symbol id="sm-da7">
         <name>trimLPO</name>
         <value>0xba24</value>
         <object_component_ref idref="oc-7b"/>
      </symbol>
      <symbol id="sm-da8">
         <name>systemInit</name>
         <value>0xbc54</value>
         <object_component_ref idref="oc-7b"/>
      </symbol>
      <symbol id="sm-da9">
         <name>customTrimLPO</name>
         <value>0xc44c</value>
         <object_component_ref idref="oc-7b"/>
      </symbol>
      <symbol id="sm-daa">
         <name>tcmflashGetConfigValue</name>
         <value>0xc164</value>
         <object_component_ref idref="oc-7b"/>
      </symbol>
      <symbol id="sm-dab">
         <name>sramGetConfigValue</name>
         <value>0xc310</value>
         <object_component_ref idref="oc-7b"/>
      </symbol>
      <symbol id="sm-dac">
         <name>periphInit</name>
         <value>0xbad8</value>
         <object_component_ref idref="oc-7b"/>
      </symbol>
      <symbol id="sm-dad">
         <name>setupFlash</name>
         <value>0xba98</value>
         <object_component_ref idref="oc-7b"/>
      </symbol>
      <symbol id="sm-dae">
         <name>setupPLL</name>
         <value>0xb9c4</value>
         <object_component_ref idref="oc-7b"/>
      </symbol>
      <symbol id="sm-daf">
         <name>mapClocks</name>
         <value>0xbb2c</value>
         <object_component_ref idref="oc-7b"/>
      </symbol>
      <symbol id="sm-db0">
         <name>systemPowerDown</name>
         <value>0xbd20</value>
         <object_component_ref idref="oc-7b"/>
      </symbol>
      <symbol id="sm-ddf">
         <name>vsnprintf</name>
         <value>0x14bf9</value>
         <object_component_ref idref="oc-22f"/>
      </symbol>
      <symbol id="sm-e08">
         <name>floorl</name>
         <value>0x144f5</value>
         <object_component_ref idref="oc-21d"/>
      </symbol>
      <symbol id="sm-e09">
         <name>floor</name>
         <value>0x144f5</value>
         <object_component_ref idref="oc-21d"/>
      </symbol>
      <symbol id="sm-e18">
         <name>__aeabi_memset</name>
         <value>0x1487b</value>
         <object_component_ref idref="oc-db"/>
      </symbol>
      <symbol id="sm-e19">
         <name>memset</name>
         <value>0x14881</value>
         <object_component_ref idref="oc-db"/>
      </symbol>
      <symbol id="sm-e1a">
         <name>__aeabi_memset8</name>
         <value>0x1487b</value>
         <object_component_ref idref="oc-db"/>
      </symbol>
      <symbol id="sm-e1b">
         <name>__aeabi_memset4</name>
         <value>0x1487b</value>
         <object_component_ref idref="oc-db"/>
      </symbol>
      <symbol id="sm-e1c">
         <name>__aeabi_memclr8</name>
         <value>0x14879</value>
         <object_component_ref idref="oc-db"/>
      </symbol>
      <symbol id="sm-e1d">
         <name>__aeabi_memclr4</name>
         <value>0x14879</value>
         <object_component_ref idref="oc-db"/>
      </symbol>
      <symbol id="sm-e1e">
         <name>__aeabi_memclr</name>
         <value>0x14879</value>
         <object_component_ref idref="oc-db"/>
      </symbol>
      <symbol id="sm-e39">
         <name>memcpy</name>
         <value>0x14763</value>
         <object_component_ref idref="oc-52"/>
      </symbol>
      <symbol id="sm-e3a">
         <name>__aeabi_memcpy</name>
         <value>0x14763</value>
         <object_component_ref idref="oc-52"/>
      </symbol>
      <symbol id="sm-e3b">
         <name>__aeabi_memcpy8</name>
         <value>0x14763</value>
         <object_component_ref idref="oc-52"/>
      </symbol>
      <symbol id="sm-e3c">
         <name>__aeabi_memcpy4</name>
         <value>0x14763</value>
         <object_component_ref idref="oc-52"/>
      </symbol>
      <symbol id="sm-e64">
         <name>__TI_auto_init_nobinit_nopinit</name>
         <value>0x14b75</value>
         <object_component_ref idref="oc-ff"/>
      </symbol>
      <symbol id="sm-e77">
         <name>__TI_zero_init</name>
         <value>0x14d2f</value>
         <object_component_ref idref="oc-64"/>
      </symbol>
      <symbol id="sm-e8e">
         <name>__TI_decompress_none</name>
         <value>0x14d21</value>
         <object_component_ref idref="oc-14"/>
      </symbol>
      <symbol id="sm-eb1">
         <name>__TI_decompress_lzss</name>
         <value>0x14969</value>
         <object_component_ref idref="oc-e"/>
      </symbol>
      <symbol id="sm-ebc">
         <name>C$$EXIT</name>
         <value>0x14d45</value>
         <object_component_ref idref="oc-160"/>
      </symbol>
      <symbol id="sm-ebd">
         <name>abort</name>
         <value>0x14d45</value>
         <object_component_ref idref="oc-160"/>
      </symbol>
      <symbol id="sm-ecc">
         <name>strlen</name>
         <value>0x14cf9</value>
         <object_component_ref idref="oc-27e"/>
      </symbol>
      <symbol id="sm-ee2">
         <name>__aeabi_errno_addr</name>
         <value>0x14d3d</value>
         <object_component_ref idref="oc-3fb"/>
      </symbol>
      <symbol id="sm-ee3">
         <name>errno</name>
         <value>0x800332c</value>
         <object_component_ref idref="oc-47d"/>
      </symbol>
      <symbol id="sm-103a">
         <name>__TI_printfi</name>
         <value>0xd9d1</value>
         <object_component_ref idref="oc-32d"/>
      </symbol>
      <symbol id="sm-1058">
         <name>frexpl</name>
         <value>0x148f5</value>
         <object_component_ref idref="oc-461"/>
      </symbol>
      <symbol id="sm-1059">
         <name>frexp</name>
         <value>0x148f5</value>
         <object_component_ref idref="oc-461"/>
      </symbol>
      <symbol id="sm-1076">
         <name>scalbn</name>
         <value>0x1431d</value>
         <object_component_ref idref="oc-467"/>
      </symbol>
      <symbol id="sm-1077">
         <name>scalbnl</name>
         <value>0x1431d</value>
         <object_component_ref idref="oc-467"/>
      </symbol>
      <symbol id="sm-1078">
         <name>ldexpl</name>
         <value>0x1431d</value>
         <object_component_ref idref="oc-467"/>
      </symbol>
      <symbol id="sm-1079">
         <name>ldexp</name>
         <value>0x1431d</value>
         <object_component_ref idref="oc-467"/>
      </symbol>
      <symbol id="sm-1095">
         <name>__aeabi_uldivmod</name>
         <value>0x1267c</value>
         <object_component_ref idref="oc-43a"/>
      </symbol>
      <symbol id="sm-10aa">
         <name>atoi</name>
         <value>0x14b25</value>
         <object_component_ref idref="oc-3cb"/>
      </symbol>
      <symbol id="sm-10b5">
         <name>_ctypes_</name>
         <value>0x14f50</value>
         <object_component_ref idref="oc-435"/>
      </symbol>
      <symbol id="sm-10c4">
         <name>ltoa</name>
         <value>0x14a81</value>
         <object_component_ref idref="oc-440"/>
      </symbol>
      <symbol id="sm-10d4">
         <name>memccpy</name>
         <value>0x14caf</value>
         <object_component_ref idref="oc-3ef"/>
      </symbol>
      <symbol id="sm-10e4">
         <name>strchr</name>
         <value>0x14ce3</value>
         <object_component_ref idref="oc-46d"/>
      </symbol>
      <symbol id="sm-10fd">
         <name>wcslen</name>
         <value>0x14d0f</value>
         <object_component_ref idref="oc-3f5"/>
      </symbol>
      <symbol id="sm-1107">
         <name>copysign</name>
         <value>0x14c91</value>
         <object_component_ref idref="oc-4a5"/>
      </symbol>
      <symbol id="sm-1108">
         <name>copysignl</name>
         <value>0x14c91</value>
         <object_component_ref idref="oc-4a5"/>
      </symbol>
      <symbol id="sm-1109">
         <name>__TI_static_base__</name>
         <value>0x0</value>
      </symbol>
      <symbol id="sm-110d">
         <name>SHT$$INIT_ARRAY$$Base</name>
         <value>0x0</value>
      </symbol>
      <symbol id="sm-110e">
         <name>SHT$$INIT_ARRAY$$Limit</name>
         <value>0x0</value>
      </symbol>
      <symbol id="sm-110f">
         <name>_system_post_cinit</name>
         <value>0x0</value>
      </symbol>
   </symbol_table>
   <title>Link successful</title>
</link_info>
